// Jest Snapshot v1, https://goo.gl/fbAQLP

exports[`PackageContributeInspector show nothing 1`] = `null`;
