// Jest Snapshot v1, https://goo.gl/fbAQLP

exports[`Assemble Space if not loaded, show loading 1`] = `
<section
  className="ant-layout"
>
  <main
    className="ant-layout-content"
  >
    loading...
  </main>
</section>
`;
