// Jest Snapshot v1, https://goo.gl/fbAQLP

exports[`ContributeInspector set new name input show default name 1`] = `
<input
  className="ant-input"
  onBlur={[Function]}
  onChange={[Function]}
  onFocus={[Function]}
  onKeyDown={[Function]}
  type="text"
  value="new1"
/>
`;

exports[`ContributeInspector show nothing 1`] = `null`;
