// Jest Snapshot v1, https://goo.gl/fbAQLP

exports[`ExtensionInspector show nothing 1`] = `null`;
