// Jest Snapshot v1, https://goo.gl/fbAQLP

exports[`Publish Element show publish button 1`] = `
<button
  className="ant-btn ant-btn-default"
  disabled={false}
  onClick={[Function]}
  type="button"
>
  <span>
    发布页面
  </span>
</button>
`;
