// Jest Snapshot v1, https://goo.gl/fbAQLP

exports[`ContributeInspector show nothing 1`] = `null`;
