// Jest Snapshot v1, https://goo.gl/fbAQLP

exports[`ElementVisual show canvas 1`] = `
<canvas
  height="20px"
  id="ui-visual-canvas"
  style={
    Object {
      "borderColor": "red",
      "borderStyle": "solid",
      "borderWidth": "2px",
      "height": "20px",
      "width": "10px",
    }
  }
  width="10px"
/>
`;
