// Jest Snapshot v1, https://goo.gl/fbAQLP

exports[`RunElementVisual show the canvas 1`] = `
<canvas
  height="2px"
  id="ui-visual-run-canvas"
  style={
    Object {
      "height": "2px",
      "width": "1px",
    }
  }
  width="1px"
/>
`;
