// Jest Snapshot v1, https://goo.gl/fbAQLP

exports[`PackagePackages show packages list 1`] = `
<div
  className="ant-list ant-list-split ant-list-grid"
>
  <div
    className="ant-spin-nested-loading"
  >
    <div
      className="ant-spin-container"
    >
      <div
        className="ant-row"
        style={
          Object {
            "marginLeft": -8,
            "marginRight": -8,
          }
        }
      >
        <div
          style={
            Object {
              "maxWidth": "33.333333333333336%",
              "width": "33.333333333333336%",
            }
          }
        >
          <div
            className="ant-col"
            style={
              Object {
                "flex": "1 1 auto",
                "paddingLeft": 8,
                "paddingRight": 8,
              }
            }
          >
            <div
              className="ant-list-item"
            >
              <div
                className="ant-card ant-card-bordered"
                onClick={[Function]}
              >
                <div
                  className="ant-card-cover"
                >
                  <img
                    src="pi1"
                    style={
                      Object {
                        "height": "50px",
                        "width": "50px",
                      }
                    }
                  />
                </div>
                <div
                  className="ant-card-body"
                  style={
                    Object {
                      "padding": "0px",
                    }
                  }
                >
                  <div
                    className="ant-card-meta"
                  >
                    <div
                      className="ant-card-meta-detail"
                    >
                      <div
                        className="ant-card-meta-title"
                      >
                        <span
                          style={
                            Object {
                              "whiteSpace": "normal",
                              "wordBreak": "break-all",
                              "wordWrap": "break-word",
                            }
                          }
                        >
                          p1
                        </span>
                      </div>
                    </div>
                  </div>
                </div>
              </div>
            </div>
          </div>
        </div>
      </div>
    </div>
  </div>
</div>
`;
